{\rtf1\ansi\ansicpg1252\cocoartf2868
\cocoatextscaling0\cocoaplatform0{\fonttbl}
{\colortbl;\red255\green255\blue255;}
{\*\expandedcolortbl;;}
\paperw11900\paperh16840\margl1440\margr1440\vieww11520\viewh8400\viewkind0
}2026-05-03 00:41:03,032 - Starting ETL Pipeline...
2026-05-03 00:50:35,816 - Starting ETL Pipeline...
2026-05-03 00:57:26,668 - Starting ETL Pipeline...
2026-05-03 00:58:20,940 - Starting ETL Pipeline...
2026-05-03 00:58:20,963 - Validation Pass: Data integrity confirmed.
2026-05-03 00:58:21,124 - Pipeline successful. Exported to Parquet.
2026-05-03 01:23:42,752 - [LEVEL: INFO] - Initializing Pipeline: ApexPlanet Data Wrangling T24030
2026-05-03 01:26:31,058 - [LEVEL: INFO] - Initializing Pipeline: ApexPlanet Data Wrangling T24030
2026-05-03 01:26:31,081 - [LEVEL: INFO] - Integrity Pass: 36 records validated.
2026-05-03 02:02:54,273 - [LEVEL: INFO] - Initializing Pipeline: ApexPlanet Data Wrangling T24030
2026-05-03 02:03:31,631 - [LEVEL: INFO] - Initializing Pipeline: ApexPlanet Data Wrangling T24030
2026-05-03 02:03:58,933 - [LEVEL: INFO] - Initializing Pipeline: ApexPlanet Data Wrangling T24030
2026-05-03 02:03:58,952 - [LEVEL: INFO] - Integrity Pass: 36 records validated.
2026-05-03 02:11:09,888 - [LEVEL: INFO] - Initializing Pipeline: ApexPlanet Data Wrangling T24030
2026-05-03 02:11:09,910 - [LEVEL: INFO] - Integrity Pass: 36 records validated.
